Analysis & Synthesis report for wordle
Sun Nov 24 21:26:25 2024
Quartus II 64-Bit Version 13.1.0 Build 162 10/23/2013 SJ Web Edition


---------------------
; Table of Contents ;
---------------------
  1. Legal Notice
  2. Analysis & Synthesis Summary
  3. Analysis & Synthesis Settings
  4. Parallel Compilation
  5. Analysis & Synthesis Source Files Read
  6. Analysis & Synthesis Resource Usage Summary
  7. Analysis & Synthesis Resource Utilization by Entity
  8. State Machine - |wordle|next_state
  9. State Machine - |wordle|state
 10. User-Specified and Inferred Latches
 11. Registers Removed During Synthesis
 12. General Register Statistics
 13. Multiplexer Restructuring Statistics (Restructuring Performed)
 14. Parameter Settings for User Entity Instance: Top-level Entity: |wordle
 15. Elapsed Time Per Partition
 16. Analysis & Synthesis Messages
 17. Analysis & Synthesis Suppressed Messages



----------------
; Legal Notice ;
----------------
Copyright (C) 1991-2013 Altera Corporation
Your use of Altera Corporation's design tools, logic functions 
and other software and tools, and its AMPP partner logic 
functions, and any output files from any of the foregoing 
(including device programming or simulation files), and any 
associated documentation or information are expressly subject 
to the terms and conditions of the Altera Program License 
Subscription Agreement, Altera MegaCore Function License 
Agreement, or other applicable license agreement, including, 
without limitation, that your use is for the sole purpose of 
programming logic devices manufactured by Altera and sold by 
Altera or its authorized distributors.  Please refer to the 
applicable agreement for further details.



+---------------------------------------------------------------------------------+
; Analysis & Synthesis Summary                                                    ;
+------------------------------------+--------------------------------------------+
; Analysis & Synthesis Status        ; Successful - Sun Nov 24 21:26:25 2024      ;
; Quartus II 64-Bit Version          ; 13.1.0 Build 162 10/23/2013 SJ Web Edition ;
; Revision Name                      ; wordle                                     ;
; Top-level Entity Name              ; wordle                                     ;
; Family                             ; Cyclone III                                ;
; Total logic elements               ; 217                                        ;
;     Total combinational functions  ; 166                                        ;
;     Dedicated logic registers      ; 70                                         ;
; Total registers                    ; 70                                         ;
; Total pins                         ; 48                                         ;
; Total virtual pins                 ; 0                                          ;
; Total memory bits                  ; 0                                          ;
; Embedded Multiplier 9-bit elements ; 0                                          ;
; Total PLLs                         ; 0                                          ;
+------------------------------------+--------------------------------------------+


+----------------------------------------------------------------------------------------------------------------------+
; Analysis & Synthesis Settings                                                                                        ;
+----------------------------------------------------------------------------+--------------------+--------------------+
; Option                                                                     ; Setting            ; Default Value      ;
+----------------------------------------------------------------------------+--------------------+--------------------+
; Device                                                                     ; EP3C16F484C6       ;                    ;
; Top-level entity name                                                      ; wordle             ; wordle             ;
; Family name                                                                ; Cyclone III        ; Cyclone IV GX      ;
; Use smart compilation                                                      ; Off                ; Off                ;
; Enable parallel Assembler and TimeQuest Timing Analyzer during compilation ; On                 ; On                 ;
; Enable compact report table                                                ; Off                ; Off                ;
; Restructure Multiplexers                                                   ; Auto               ; Auto               ;
; Create Debugging Nodes for IP Cores                                        ; Off                ; Off                ;
; Preserve fewer node names                                                  ; On                 ; On                 ;
; Disable OpenCore Plus hardware evaluation                                  ; Off                ; Off                ;
; Verilog Version                                                            ; Verilog_2001       ; Verilog_2001       ;
; VHDL Version                                                               ; VHDL_1993          ; VHDL_1993          ;
; State Machine Processing                                                   ; Auto               ; Auto               ;
; Safe State Machine                                                         ; Off                ; Off                ;
; Extract Verilog State Machines                                             ; On                 ; On                 ;
; Extract VHDL State Machines                                                ; On                 ; On                 ;
; Ignore Verilog initial constructs                                          ; Off                ; Off                ;
; Iteration limit for constant Verilog loops                                 ; 5000               ; 5000               ;
; Iteration limit for non-constant Verilog loops                             ; 250                ; 250                ;
; Add Pass-Through Logic to Inferred RAMs                                    ; On                 ; On                 ;
; Infer RAMs from Raw Logic                                                  ; On                 ; On                 ;
; Parallel Synthesis                                                         ; On                 ; On                 ;
; DSP Block Balancing                                                        ; Auto               ; Auto               ;
; NOT Gate Push-Back                                                         ; On                 ; On                 ;
; Power-Up Don't Care                                                        ; On                 ; On                 ;
; Remove Redundant Logic Cells                                               ; Off                ; Off                ;
; Remove Duplicate Registers                                                 ; On                 ; On                 ;
; Ignore CARRY Buffers                                                       ; Off                ; Off                ;
; Ignore CASCADE Buffers                                                     ; Off                ; Off                ;
; Ignore GLOBAL Buffers                                                      ; Off                ; Off                ;
; Ignore ROW GLOBAL Buffers                                                  ; Off                ; Off                ;
; Ignore LCELL Buffers                                                       ; Off                ; Off                ;
; Ignore SOFT Buffers                                                        ; On                 ; On                 ;
; Limit AHDL Integers to 32 Bits                                             ; Off                ; Off                ;
; Optimization Technique                                                     ; Balanced           ; Balanced           ;
; Carry Chain Length                                                         ; 70                 ; 70                 ;
; Auto Carry Chains                                                          ; On                 ; On                 ;
; Auto Open-Drain Pins                                                       ; On                 ; On                 ;
; Perform WYSIWYG Primitive Resynthesis                                      ; Off                ; Off                ;
; Auto ROM Replacement                                                       ; On                 ; On                 ;
; Auto RAM Replacement                                                       ; On                 ; On                 ;
; Auto DSP Block Replacement                                                 ; On                 ; On                 ;
; Auto Shift Register Replacement                                            ; Auto               ; Auto               ;
; Allow Shift Register Merging across Hierarchies                            ; Auto               ; Auto               ;
; Auto Clock Enable Replacement                                              ; On                 ; On                 ;
; Strict RAM Replacement                                                     ; Off                ; Off                ;
; Allow Synchronous Control Signals                                          ; On                 ; On                 ;
; Force Use of Synchronous Clear Signals                                     ; Off                ; Off                ;
; Auto RAM Block Balancing                                                   ; On                 ; On                 ;
; Auto RAM to Logic Cell Conversion                                          ; Off                ; Off                ;
; Auto Resource Sharing                                                      ; Off                ; Off                ;
; Allow Any RAM Size For Recognition                                         ; Off                ; Off                ;
; Allow Any ROM Size For Recognition                                         ; Off                ; Off                ;
; Allow Any Shift Register Size For Recognition                              ; Off                ; Off                ;
; Use LogicLock Constraints during Resource Balancing                        ; On                 ; On                 ;
; Ignore translate_off and synthesis_off directives                          ; Off                ; Off                ;
; Timing-Driven Synthesis                                                    ; On                 ; On                 ;
; Report Parameter Settings                                                  ; On                 ; On                 ;
; Report Source Assignments                                                  ; On                 ; On                 ;
; Report Connectivity Checks                                                 ; On                 ; On                 ;
; Ignore Maximum Fan-Out Assignments                                         ; Off                ; Off                ;
; Synchronization Register Chain Length                                      ; 2                  ; 2                  ;
; PowerPlay Power Optimization                                               ; Normal compilation ; Normal compilation ;
; HDL message level                                                          ; Level2             ; Level2             ;
; Suppress Register Optimization Related Messages                            ; Off                ; Off                ;
; Number of Removed Registers Reported in Synthesis Report                   ; 5000               ; 5000               ;
; Number of Swept Nodes Reported in Synthesis Report                         ; 5000               ; 5000               ;
; Number of Inverted Registers Reported in Synthesis Report                  ; 100                ; 100                ;
; Clock MUX Protection                                                       ; On                 ; On                 ;
; Auto Gated Clock Conversion                                                ; Off                ; Off                ;
; Block Design Naming                                                        ; Auto               ; Auto               ;
; SDC constraint protection                                                  ; Off                ; Off                ;
; Synthesis Effort                                                           ; Auto               ; Auto               ;
; Shift Register Replacement - Allow Asynchronous Clear Signal               ; On                 ; On                 ;
; Pre-Mapping Resynthesis Optimization                                       ; Off                ; Off                ;
; Analysis & Synthesis Message Level                                         ; Medium             ; Medium             ;
; Disable Register Merging Across Hierarchies                                ; Auto               ; Auto               ;
; Resource Aware Inference For Block RAM                                     ; On                 ; On                 ;
; Synthesis Seed                                                             ; 1                  ; 1                  ;
+----------------------------------------------------------------------------+--------------------+--------------------+


Parallel compilation was disabled, but you have multiple processors available. Enable parallel compilation to reduce compilation time.
+-------------------------------------+
; Parallel Compilation                ;
+----------------------------+--------+
; Processors                 ; Number ;
+----------------------------+--------+
; Number detected on machine ; 12     ;
; Maximum allowed            ; 1      ;
+----------------------------+--------+


+--------------------------------------------------------------------------------------------------------------------------------------+
; Analysis & Synthesis Source Files Read                                                                                               ;
+----------------------------------+-----------------+------------------------+----------------------------------------------+---------+
; File Name with User-Entered Path ; Used in Netlist ; File Type              ; File Name with Absolute Path                 ; Library ;
+----------------------------------+-----------------+------------------------+----------------------------------------------+---------+
; wordle.v                         ; yes             ; User Verilog HDL File  ; C:/Users/Maria/Documents/DSD-Wordle/wordle.v ;         ;
+----------------------------------+-----------------+------------------------+----------------------------------------------+---------+


+---------------------------------------------------------+
; Analysis & Synthesis Resource Usage Summary             ;
+---------------------------------------------+-----------+
; Resource                                    ; Usage     ;
+---------------------------------------------+-----------+
; Estimated Total logic elements              ; 217       ;
;                                             ;           ;
; Total combinational functions               ; 166       ;
; Logic element usage by number of LUT inputs ;           ;
;     -- 4 input functions                    ; 95        ;
;     -- 3 input functions                    ; 55        ;
;     -- <=2 input functions                  ; 16        ;
;                                             ;           ;
; Logic elements by mode                      ;           ;
;     -- normal mode                          ; 166       ;
;     -- arithmetic mode                      ; 0         ;
;                                             ;           ;
; Total registers                             ; 70        ;
;     -- Dedicated logic registers            ; 70        ;
;     -- I/O registers                        ; 0         ;
;                                             ;           ;
; I/O pins                                    ; 48        ;
; Embedded Multiplier 9-bit elements          ; 0         ;
; Maximum fan-out node                        ; clk~input ;
; Maximum fan-out                             ; 70        ;
; Total fan-out                               ; 848       ;
; Average fan-out                             ; 2.55      ;
+---------------------------------------------+-----------+


+-----------------------------------------------------------------------------------------------------------------------------------------------------------------------------+
; Analysis & Synthesis Resource Utilization by Entity                                                                                                                         ;
+----------------------------+-------------------+--------------+-------------+--------------+---------+-----------+------+--------------+---------------------+--------------+
; Compilation Hierarchy Node ; LC Combinationals ; LC Registers ; Memory Bits ; DSP Elements ; DSP 9x9 ; DSP 18x18 ; Pins ; Virtual Pins ; Full Hierarchy Name ; Library Name ;
+----------------------------+-------------------+--------------+-------------+--------------+---------+-----------+------+--------------+---------------------+--------------+
; |wordle                    ; 166 (166)         ; 70 (70)      ; 0           ; 0            ; 0       ; 0         ; 48   ; 0            ; |wordle             ; work         ;
+----------------------------+-------------------+--------------+-------------+--------------+---------+-----------+------+--------------+---------------------+--------------+
Note: For table entries with two numbers listed, the numbers in parentheses indicate the number of resources of the given type used by the specific entity alone. The numbers listed outside of parentheses indicate the total resources of the given type used by the specific entity and all of its sub-entities in the hierarchy.


Encoding Type:  One-Hot
+-------------------------------------------------------------------------------------------------------------------------------------------------------------------------------+
; State Machine - |wordle|next_state                                                                                                                                            ;
+---------------+---------------+---------------+---------------+---------------+---------------+---------------+---------------+---------------+---------------+---------------+
; Name          ; next_state.s9 ; next_state.s8 ; next_state.s7 ; next_state.s6 ; next_state.s5 ; next_state.s4 ; next_state.s3 ; next_state.s2 ; next_state.s1 ; next_state.s0 ;
+---------------+---------------+---------------+---------------+---------------+---------------+---------------+---------------+---------------+---------------+---------------+
; next_state.s0 ; 0             ; 0             ; 0             ; 0             ; 0             ; 0             ; 0             ; 0             ; 0             ; 0             ;
; next_state.s1 ; 0             ; 0             ; 0             ; 0             ; 0             ; 0             ; 0             ; 0             ; 1             ; 1             ;
; next_state.s2 ; 0             ; 0             ; 0             ; 0             ; 0             ; 0             ; 0             ; 1             ; 0             ; 1             ;
; next_state.s3 ; 0             ; 0             ; 0             ; 0             ; 0             ; 0             ; 1             ; 0             ; 0             ; 1             ;
; next_state.s4 ; 0             ; 0             ; 0             ; 0             ; 0             ; 1             ; 0             ; 0             ; 0             ; 1             ;
; next_state.s5 ; 0             ; 0             ; 0             ; 0             ; 1             ; 0             ; 0             ; 0             ; 0             ; 1             ;
; next_state.s6 ; 0             ; 0             ; 0             ; 1             ; 0             ; 0             ; 0             ; 0             ; 0             ; 1             ;
; next_state.s7 ; 0             ; 0             ; 1             ; 0             ; 0             ; 0             ; 0             ; 0             ; 0             ; 1             ;
; next_state.s8 ; 0             ; 1             ; 0             ; 0             ; 0             ; 0             ; 0             ; 0             ; 0             ; 1             ;
; next_state.s9 ; 1             ; 0             ; 0             ; 0             ; 0             ; 0             ; 0             ; 0             ; 0             ; 1             ;
+---------------+---------------+---------------+---------------+---------------+---------------+---------------+---------------+---------------+---------------+---------------+


Encoding Type:  One-Hot
+------------------------------------------------------------------------------------------------------------------------------+
; State Machine - |wordle|state                                                                                                ;
+-------------+----------+----------+----------+----------+----------+----------+----------+----------+----------+-------------+
; Name        ; state.s9 ; state.s8 ; state.s7 ; state.s6 ; state.s5 ; state.s4 ; state.s3 ; state.s2 ; state.s1 ; state.00000 ;
+-------------+----------+----------+----------+----------+----------+----------+----------+----------+----------+-------------+
; state.00000 ; 0        ; 0        ; 0        ; 0        ; 0        ; 0        ; 0        ; 0        ; 0        ; 0           ;
; state.s1    ; 0        ; 0        ; 0        ; 0        ; 0        ; 0        ; 0        ; 0        ; 1        ; 1           ;
; state.s2    ; 0        ; 0        ; 0        ; 0        ; 0        ; 0        ; 0        ; 1        ; 0        ; 1           ;
; state.s3    ; 0        ; 0        ; 0        ; 0        ; 0        ; 0        ; 1        ; 0        ; 0        ; 1           ;
; state.s4    ; 0        ; 0        ; 0        ; 0        ; 0        ; 1        ; 0        ; 0        ; 0        ; 1           ;
; state.s5    ; 0        ; 0        ; 0        ; 0        ; 1        ; 0        ; 0        ; 0        ; 0        ; 1           ;
; state.s6    ; 0        ; 0        ; 0        ; 1        ; 0        ; 0        ; 0        ; 0        ; 0        ; 1           ;
; state.s7    ; 0        ; 0        ; 1        ; 0        ; 0        ; 0        ; 0        ; 0        ; 0        ; 1           ;
; state.s8    ; 0        ; 1        ; 0        ; 0        ; 0        ; 0        ; 0        ; 0        ; 0        ; 1           ;
; state.s9    ; 1        ; 0        ; 0        ; 0        ; 0        ; 0        ; 0        ; 0        ; 0        ; 1           ;
+-------------+----------+----------+----------+----------+----------+----------+----------+----------+----------+-------------+


+----------------------------------------------------------------------------------------------------+
; User-Specified and Inferred Latches                                                                ;
+-----------------------------------------------------+---------------------+------------------------+
; Latch Name                                          ; Latch Enable Signal ; Free of Timing Hazards ;
+-----------------------------------------------------+---------------------+------------------------+
; SS1[0]$latch                                        ; SS1[6]              ; yes                    ;
; SS1[1]$latch                                        ; SS1[6]              ; yes                    ;
; SS1[2]$latch                                        ; SS1[6]              ; yes                    ;
; SS1[3]$latch                                        ; SS1[6]              ; yes                    ;
; SS1[4]$latch                                        ; SS1[6]              ; yes                    ;
; SS1[5]$latch                                        ; SS1[6]              ; yes                    ;
; SS1[6]$latch                                        ; SS1[6]              ; yes                    ;
; SS2[0]$latch                                        ; SS2[6]              ; yes                    ;
; SS2[1]$latch                                        ; SS2[6]              ; yes                    ;
; SS2[2]$latch                                        ; SS2[6]              ; yes                    ;
; SS2[3]$latch                                        ; SS2[6]              ; yes                    ;
; SS2[4]$latch                                        ; SS2[6]              ; yes                    ;
; SS2[5]$latch                                        ; SS2[6]              ; yes                    ;
; SS2[6]$latch                                        ; SS2[6]              ; yes                    ;
; SS3[0]$latch                                        ; SS3[6]              ; yes                    ;
; SS3[1]$latch                                        ; SS3[6]              ; yes                    ;
; SS3[2]$latch                                        ; SS3[6]              ; yes                    ;
; SS3[3]$latch                                        ; SS3[6]              ; yes                    ;
; SS3[4]$latch                                        ; SS3[6]              ; yes                    ;
; SS3[5]$latch                                        ; SS3[6]              ; yes                    ;
; SS3[6]$latch                                        ; SS3[6]              ; yes                    ;
; SS4[0]$latch                                        ; SS4[6]              ; yes                    ;
; SS4[1]$latch                                        ; SS4[6]              ; yes                    ;
; SS4[2]$latch                                        ; SS4[6]              ; yes                    ;
; SS4[3]$latch                                        ; SS4[6]              ; yes                    ;
; SS4[4]$latch                                        ; SS4[6]              ; yes                    ;
; SS4[5]$latch                                        ; SS4[6]              ; yes                    ;
; SS4[6]$latch                                        ; SS4[6]              ; yes                    ;
; Number of user-specified and inferred latches = 28  ;                     ;                        ;
+-----------------------------------------------------+---------------------+------------------------+
Note: All latches listed above may not be present at the end of synthesis due to various synthesis optimizations.


+-------------------------------------------------------------+
; Registers Removed During Synthesis                          ;
+----------------------------------------+--------------------+
; Register name                          ; Reason for Removal ;
+----------------------------------------+--------------------+
; next_state~14                          ; Lost fanout        ;
; next_state~15                          ; Lost fanout        ;
; next_state~16                          ; Lost fanout        ;
; next_state~17                          ; Lost fanout        ;
; next_state~18                          ; Lost fanout        ;
; state~2                                ; Lost fanout        ;
; state~3                                ; Lost fanout        ;
; state~4                                ; Lost fanout        ;
; state~5                                ; Lost fanout        ;
; state~6                                ; Lost fanout        ;
; Total Number of Removed Registers = 10 ;                    ;
+----------------------------------------+--------------------+


+------------------------------------------------------+
; General Register Statistics                          ;
+----------------------------------------------+-------+
; Statistic                                    ; Value ;
+----------------------------------------------+-------+
; Total registers                              ; 70    ;
; Number of registers using Synchronous Clear  ; 1     ;
; Number of registers using Synchronous Load   ; 0     ;
; Number of registers using Asynchronous Clear ; 0     ;
; Number of registers using Asynchronous Load  ; 0     ;
; Number of registers using Clock Enable       ; 50    ;
; Number of registers using Preset             ; 0     ;
+----------------------------------------------+-------+


+------------------------------------------------------------------------------------------------------------------------------------------+
; Multiplexer Restructuring Statistics (Restructuring Performed)                                                                           ;
+--------------------+-----------+---------------+----------------------+------------------------+------------+----------------------------+
; Multiplexer Inputs ; Bus Width ; Baseline Area ; Area if Restructured ; Saving if Restructured ; Registered ; Example Multiplexer Output ;
+--------------------+-----------+---------------+----------------------+------------------------+------------+----------------------------+
; 3:1                ; 2 bits    ; 4 LEs         ; 4 LEs                ; 0 LEs                  ; No         ; |wordle|next_state         ;
+--------------------+-----------+---------------+----------------------+------------------------+------------+----------------------------+


+------------------------------------------------------------------------+
; Parameter Settings for User Entity Instance: Top-level Entity: |wordle ;
+----------------+-------+-----------------------------------------------+
; Parameter Name ; Value ; Type                                          ;
+----------------+-------+-----------------------------------------------+
; s0             ; 0000  ; Unsigned Binary                               ;
; s1             ; 0001  ; Unsigned Binary                               ;
; s2             ; 0010  ; Unsigned Binary                               ;
; s3             ; 0011  ; Unsigned Binary                               ;
; s4             ; 0100  ; Unsigned Binary                               ;
; s5             ; 0101  ; Unsigned Binary                               ;
; s6             ; 0110  ; Unsigned Binary                               ;
; s7             ; 0111  ; Unsigned Binary                               ;
; s8             ; 1000  ; Unsigned Binary                               ;
; s9             ; 1001  ; Unsigned Binary                               ;
+----------------+-------+-----------------------------------------------+
Note: In order to hide this table in the UI and the text report file, please set the "Show Parameter Settings in Synthesis Report" option in "Analysis and Synthesis Settings -> More Settings" to "Off".


+-------------------------------+
; Elapsed Time Per Partition    ;
+----------------+--------------+
; Partition Name ; Elapsed Time ;
+----------------+--------------+
; Top            ; 00:00:00     ;
+----------------+--------------+


+-------------------------------+
; Analysis & Synthesis Messages ;
+-------------------------------+
Info: *******************************************************************
Info: Running Quartus II 64-Bit Analysis & Synthesis
    Info: Version 13.1.0 Build 162 10/23/2013 SJ Web Edition
    Info: Processing started: Sun Nov 24 21:26:23 2024
Info: Command: quartus_map --read_settings_files=on --write_settings_files=off wordle -c wordle
Warning (20028): Parallel compilation is not licensed and has been disabled
Info (12021): Found 1 design units, including 1 entities, in source file wordle.v
    Info (12023): Found entity 1: wordle
Info (12127): Elaborating entity "wordle" for the top level hierarchy
Warning (10230): Verilog HDL assignment warning at wordle.v(102): truncated value with size 32 to match size of target (4)
Warning (10240): Verilog HDL Always Construct warning at wordle.v(122): inferring latch(es) for variable "SS1", which holds its previous value in one or more paths through the always construct
Warning (10240): Verilog HDL Always Construct warning at wordle.v(122): inferring latch(es) for variable "SS2", which holds its previous value in one or more paths through the always construct
Warning (10240): Verilog HDL Always Construct warning at wordle.v(122): inferring latch(es) for variable "SS3", which holds its previous value in one or more paths through the always construct
Warning (10240): Verilog HDL Always Construct warning at wordle.v(122): inferring latch(es) for variable "SS4", which holds its previous value in one or more paths through the always construct
Info (10041): Inferred latch for "SS4[0]" at wordle.v(157)
Info (10041): Inferred latch for "SS4[1]" at wordle.v(157)
Info (10041): Inferred latch for "SS4[2]" at wordle.v(157)
Info (10041): Inferred latch for "SS4[3]" at wordle.v(157)
Info (10041): Inferred latch for "SS4[4]" at wordle.v(157)
Info (10041): Inferred latch for "SS4[5]" at wordle.v(157)
Info (10041): Inferred latch for "SS4[6]" at wordle.v(157)
Info (10041): Inferred latch for "SS3[0]" at wordle.v(157)
Info (10041): Inferred latch for "SS3[1]" at wordle.v(157)
Info (10041): Inferred latch for "SS3[2]" at wordle.v(157)
Info (10041): Inferred latch for "SS3[3]" at wordle.v(157)
Info (10041): Inferred latch for "SS3[4]" at wordle.v(157)
Info (10041): Inferred latch for "SS3[5]" at wordle.v(157)
Info (10041): Inferred latch for "SS3[6]" at wordle.v(157)
Info (10041): Inferred latch for "SS2[0]" at wordle.v(157)
Info (10041): Inferred latch for "SS2[1]" at wordle.v(157)
Info (10041): Inferred latch for "SS2[2]" at wordle.v(157)
Info (10041): Inferred latch for "SS2[3]" at wordle.v(157)
Info (10041): Inferred latch for "SS2[4]" at wordle.v(157)
Info (10041): Inferred latch for "SS2[5]" at wordle.v(157)
Info (10041): Inferred latch for "SS2[6]" at wordle.v(157)
Info (10041): Inferred latch for "SS1[0]" at wordle.v(157)
Info (10041): Inferred latch for "SS1[1]" at wordle.v(157)
Info (10041): Inferred latch for "SS1[2]" at wordle.v(157)
Info (10041): Inferred latch for "SS1[3]" at wordle.v(157)
Info (10041): Inferred latch for "SS1[4]" at wordle.v(157)
Info (10041): Inferred latch for "SS1[5]" at wordle.v(157)
Info (10041): Inferred latch for "SS1[6]" at wordle.v(157)
Warning (13012): Latch SS1[0]$latch has unsafe behavior
    Warning (13013): Ports D and ENA on the latch are fed by the same signal state.s1
Warning (13012): Latch SS1[1]$latch has unsafe behavior
    Warning (13013): Ports D and ENA on the latch are fed by the same signal state.s1
Warning (13012): Latch SS1[2]$latch has unsafe behavior
    Warning (13013): Ports D and ENA on the latch are fed by the same signal state.s1
Warning (13012): Latch SS1[3]$latch has unsafe behavior
    Warning (13013): Ports D and ENA on the latch are fed by the same signal state.s6
Warning (13012): Latch SS1[4]$latch has unsafe behavior
    Warning (13013): Ports D and ENA on the latch are fed by the same signal state.s8
Warning (13012): Latch SS1[5]$latch has unsafe behavior
    Warning (13013): Ports D and ENA on the latch are fed by the same signal state.s6
Warning (13012): Latch SS1[6]$latch has unsafe behavior
    Warning (13013): Ports D and ENA on the latch are fed by the same signal state.s1
Warning (13012): Latch SS2[0]$latch has unsafe behavior
    Warning (13013): Ports D and ENA on the latch are fed by the same signal state.s2
Warning (13012): Latch SS2[1]$latch has unsafe behavior
    Warning (13013): Ports D and ENA on the latch are fed by the same signal state.s8
Warning (13012): Latch SS2[2]$latch has unsafe behavior
    Warning (13013): Ports D and ENA on the latch are fed by the same signal state.s8
Warning (13012): Latch SS2[3]$latch has unsafe behavior
    Warning (13013): Ports D and ENA on the latch are fed by the same signal state.s8
Warning (13012): Latch SS2[4]$latch has unsafe behavior
    Warning (13013): Ports D and ENA on the latch are fed by the same signal state.s2
Warning (13012): Latch SS2[5]$latch has unsafe behavior
    Warning (13013): Ports D and ENA on the latch are fed by the same signal state.s2
Warning (13012): Latch SS2[6]$latch has unsafe behavior
    Warning (13013): Ports D and ENA on the latch are fed by the same signal state.s8
Warning (13012): Latch SS3[0]$latch has unsafe behavior
    Warning (13013): Ports D and ENA on the latch are fed by the same signal state.s3
Warning (13012): Latch SS3[1]$latch has unsafe behavior
    Warning (13013): Ports D and ENA on the latch are fed by the same signal state.s8
Warning (13012): Latch SS3[2]$latch has unsafe behavior
    Warning (13013): Ports D and ENA on the latch are fed by the same signal state.s6
Warning (13012): Latch SS3[3]$latch has unsafe behavior
    Warning (13013): Ports D and ENA on the latch are fed by the same signal state.s8
Warning (13012): Latch SS3[4]$latch has unsafe behavior
    Warning (13013): Ports D and ENA on the latch are fed by the same signal state.s6
Warning (13012): Latch SS3[5]$latch has unsafe behavior
    Warning (13013): Ports D and ENA on the latch are fed by the same signal state.s8
Warning (13012): Latch SS3[6]$latch has unsafe behavior
    Warning (13013): Ports D and ENA on the latch are fed by the same signal state.s8
Warning (13012): Latch SS4[0]$latch has unsafe behavior
    Warning (13013): Ports D and ENA on the latch are fed by the same signal state.s4
Warning (13012): Latch SS4[1]$latch has unsafe behavior
    Warning (13013): Ports D and ENA on the latch are fed by the same signal state.s4
Warning (13012): Latch SS4[2]$latch has unsafe behavior
    Warning (13013): Ports D and ENA on the latch are fed by the same signal state.s8
Warning (13012): Latch SS4[3]$latch has unsafe behavior
    Warning (13013): Ports D and ENA on the latch are fed by the same signal state.s4
Warning (13012): Latch SS4[4]$latch has unsafe behavior
    Warning (13013): Ports D and ENA on the latch are fed by the same signal state.s8
Warning (13012): Latch SS4[5]$latch has unsafe behavior
    Warning (13013): Ports D and ENA on the latch are fed by the same signal state.s4
Warning (13012): Latch SS4[6]$latch has unsafe behavior
    Warning (13013): Ports D and ENA on the latch are fed by the same signal state.s4
Warning (13024): Output pins are stuck at VCC or GND
    Warning (13410): Pin "LED5" is stuck at GND
    Warning (13410): Pin "LED6" is stuck at GND
    Warning (13410): Pin "LED7" is stuck at GND
    Warning (13410): Pin "LED8" is stuck at GND
Info (286030): Timing-Driven Synthesis is running
Info (17049): 10 registers lost all their fanouts during netlist optimizations.
Info (144001): Generated suppressed messages file C:/Users/Maria/Documents/DSD-Wordle/output_files/wordle.map.smsg
Info (16010): Generating hard_block partition "hard_block:auto_generated_inst"
    Info (16011): Adding 0 node(s), including 0 DDIO, 0 PLL, 0 transceiver and 0 LCELL
Info (21057): Implemented 265 device resources after synthesis - the final resource count might be different
    Info (21058): Implemented 12 input pins
    Info (21059): Implemented 36 output pins
    Info (21061): Implemented 217 logic cells
Info: Quartus II 64-Bit Analysis & Synthesis was successful. 0 errors, 67 warnings
    Info: Peak virtual memory: 4614 megabytes
    Info: Processing ended: Sun Nov 24 21:26:25 2024
    Info: Elapsed time: 00:00:02
    Info: Total CPU time (on all processors): 00:00:01


+------------------------------------------+
; Analysis & Synthesis Suppressed Messages ;
+------------------------------------------+
The suppressed messages can be found in C:/Users/Maria/Documents/DSD-Wordle/output_files/wordle.map.smsg.


